mode: set
sato/src/cf/errors.go:20.52,22.2 1 1
sato/src/cf/errors.go:28.43,30.2 1 1
sato/src/cf/errors.go:36.46,38.2 1 1
sato/src/cf/errors.go:44.46,46.2 1 1
sato/src/cf/errors.go:53.37,55.2 1 0
sato/src/cf/errors.go:59.41,61.2 1 0
sato/src/cf/helpers.go:20.45,22.2 1 1
sato/src/cf/helpers.go:29.31,30.21 1 1
sato/src/cf/helpers.go:30.21,32.3 1 1
sato/src/cf/helpers.go:33.2,36.22 3 1
sato/src/cf/helpers.go:40.54,42.2 1 1
sato/src/cf/helpers.go:45.65,47.28 2 1
sato/src/cf/helpers.go:47.28,49.3 1 1
sato/src/cf/helpers.go:51.2,51.11 1 1
sato/src/cf/helpers.go:55.36,57.2 1 1
sato/src/cf/helpers.go:60.34,63.106 1 1
sato/src/cf/helpers.go:63.106,65.3 1 0
sato/src/cf/helpers.go:67.2,67.29 1 1
sato/src/cf/helpers.go:71.31,72.17 1 1
sato/src/cf/helpers.go:72.17,74.3 1 1
sato/src/cf/helpers.go:76.2,76.14 1 1
sato/src/cf/helpers.go:80.34,82.16 2 1
sato/src/cf/helpers.go:82.16,85.3 2 0
sato/src/cf/helpers.go:87.2,87.21 1 1
sato/src/cf/helpers.go:91.41,93.21 2 1
sato/src/cf/helpers.go:93.21,95.3 1 1
sato/src/cf/helpers.go:97.2,97.13 1 1
sato/src/cf/helpers.go:101.33,106.2 3 1
sato/src/cf/helpers.go:109.33,114.2 3 1
sato/src/cf/helpers.go:117.34,119.2 1 1
sato/src/cf/helpers.go:122.31,123.16 1 1
sato/src/cf/helpers.go:123.16,125.3 1 1
sato/src/cf/helpers.go:127.2,127.13 1 1
sato/src/cf/helpers.go:131.49,132.30 1 1
sato/src/cf/helpers.go:132.30,134.3 1 1
sato/src/cf/helpers.go:136.2,136.13 1 1
sato/src/cf/helpers.go:140.37,141.40 1 1
sato/src/cf/helpers.go:141.40,143.3 1 1
sato/src/cf/helpers.go:145.2,147.31 2 1
sato/src/cf/helpers.go:147.31,149.3 1 1
sato/src/cf/helpers.go:151.2,153.18 2 1
sato/src/cf/helpers.go:157.79,158.40 1 1
sato/src/cf/helpers.go:158.40,160.3 1 1
sato/src/cf/helpers.go:162.2,164.31 2 1
sato/src/cf/helpers.go:164.31,167.3 2 1
sato/src/cf/helpers.go:169.2,169.56 1 1
sato/src/cf/helpers.go:173.53,175.2 1 1
sato/src/cf/helpers.go:178.67,181.17 2 1
sato/src/cf/helpers.go:182.58,183.20 1 0
sato/src/cf/helpers.go:184.58,185.20 1 0
sato/src/cf/helpers.go:186.15,187.20 1 0
sato/src/cf/helpers.go:188.10,189.21 1 1
sato/src/cf/helpers.go:192.2,194.58 3 1
sato/src/cf/helpers.go:194.58,197.3 2 0
sato/src/cf/helpers.go:199.2,201.16 3 1
sato/src/cf/helpers.go:201.16,204.3 2 0
sato/src/cf/helpers.go:206.2,206.31 1 1
sato/src/cf/helpers.go:206.31,207.41 1 1
sato/src/cf/helpers.go:207.41,209.4 1 0
sato/src/cf/helpers.go:212.2,215.16 3 1
sato/src/cf/helpers.go:215.16,218.3 2 0
sato/src/cf/helpers.go:220.2,220.26 1 1
sato/src/cf/helpers.go:220.26,221.36 1 1
sato/src/cf/helpers.go:221.36,223.4 1 0
sato/src/cf/helpers.go:226.2,227.16 2 1
sato/src/cf/helpers.go:227.16,230.3 2 0
sato/src/cf/helpers.go:232.2,232.45 1 1
sato/src/cf/helpers.go:232.45,235.3 2 0
sato/src/cf/helpers.go:237.2,237.42 1 1
sato/src/cf/helpers.go:237.42,240.3 2 0
sato/src/cf/helpers.go:242.2,242.15 1 1
sato/src/cf/helpers.go:246.33,254.2 6 0
sato/src/cf/helpers.go:257.32,260.25 2 0
sato/src/cf/helpers.go:260.25,261.21 1 0
sato/src/cf/helpers.go:261.21,267.4 5 0
sato/src/cf/helpers.go:270.2,270.25 1 0
sato/src/cf/helpers.go:274.33,280.26 4 1
sato/src/cf/helpers.go:280.26,282.3 1 1
sato/src/cf/helpers.go:284.2,284.25 1 1
sato/src/cf/helpers.go:288.42,292.33 3 1
sato/src/cf/helpers.go:292.33,298.3 5 1
sato/src/cf/helpers.go:300.2,302.25 2 1
sato/src/cf/helpers.go:306.36,308.16 2 0
sato/src/cf/helpers.go:308.16,310.3 1 0
sato/src/cf/helpers.go:312.2,312.18 1 0
sato/src/cf/lookup.go:17.43,19.2 1 0
sato/src/cf/lookup.go:22.111,23.61 1 1
sato/src/cf/lookup.go:23.61,25.3 1 1
sato/src/cf/lookup.go:27.2,27.40 1 1
sato/src/cf/lookup.go:27.40,36.17 5 1
sato/src/cf/lookup.go:36.17,38.4 1 0
sato/src/cf/lookup.go:40.3,48.17 3 1
sato/src/cf/lookup.go:48.17,50.4 1 0
sato/src/cf/lookup.go:53.2,53.12 1 1
sato/src/cf/lookup.go:58.35,64.29 3 1
sato/src/cf/lookup.go:64.29,66.10 2 1
sato/src/cf/lookup.go:66.10,68.4 1 0
sato/src/cf/lookup.go:69.8,72.3 1 1
sato/src/cf/lookup.go:74.2,74.18 1 1
sato/src/cf/parse.go:57.43,57.58 1 0
sato/src/cf/parse.go:73.51,74.37 1 1
sato/src/cf/parse.go:74.37,76.3 1 0
sato/src/cf/parse.go:79.2,80.16 2 1
sato/src/cf/parse.go:80.16,82.3 1 0
sato/src/cf/parse.go:84.2,85.16 2 1
sato/src/cf/parse.go:85.16,87.3 1 1
sato/src/cf/parse.go:89.2,91.16 2 1
sato/src/cf/parse.go:91.16,93.3 1 0
sato/src/cf/parse.go:95.2,96.16 2 1
sato/src/cf/parse.go:96.16,98.3 1 0
sato/src/cf/parse.go:100.2,100.12 1 1
sato/src/cf/parse.go:108.23,117.53 3 1
sato/src/cf/parse.go:117.53,128.17 8 1
sato/src/cf/parse.go:128.17,130.4 1 0
sato/src/cf/parse.go:132.3,139.48 3 1
sato/src/cf/parse.go:142.2,143.16 2 1
sato/src/cf/parse.go:143.16,145.3 1 0
sato/src/cf/parse.go:147.2,148.16 2 1
sato/src/cf/parse.go:148.16,150.3 1 0
sato/src/cf/parse.go:152.2,152.25 1 1
sato/src/cf/parse.go:164.3,165.20 1 1
sato/src/cf/parse.go:166.16,167.109 1 1
sato/src/cf/parse.go:167.109,169.4 1 1
sato/src/cf/parse.go:169.9,171.4 1 1
sato/src/cf/parse.go:172.28,173.35 1 1
sato/src/cf/parse.go:174.48,176.73 2 1
sato/src/cf/parse.go:177.30,179.63 2 1
sato/src/cf/parse.go:180.36,182.64 2 1
sato/src/cf/parse.go:183.54,185.60 2 1
sato/src/cf/parse.go:186.37,188.70 2 1
sato/src/cf/parse.go:189.80,190.31 1 1
sato/src/cf/parse.go:191.21,193.63 2 1
sato/src/cf/parse.go:194.36,195.35 1 1
sato/src/cf/parse.go:196.16,197.31 1 1
sato/src/cf/parse.go:198.10,199.45 1 0
sato/src/cf/parse.go:202.2,204.41 2 1
sato/src/cf/parse.go:208.87,210.30 1 1
sato/src/cf/parse.go:211.14,214.17 2 1
sato/src/cf/parse.go:214.17,218.4 2 1
sato/src/cf/parse.go:218.9,219.33 1 1
sato/src/cf/parse.go:219.33,221.5 1 1
sato/src/cf/parse.go:221.10,222.54 1 1
sato/src/cf/parse.go:222.54,224.6 1 1
sato/src/cf/parse.go:224.11,226.6 1 1
sato/src/cf/parse.go:229.15,231.66 2 1
sato/src/cf/parse.go:232.12,233.64 1 1
sato/src/cf/parse.go:234.19,235.28 1 1
sato/src/cf/parse.go:236.10,237.30 1 0
sato/src/cf/parse.go:240.2,240.19 1 1
sato/src/cf/parse.go:244.59,251.42 4 1
sato/src/cf/parse.go:251.42,252.16 1 1
sato/src/cf/parse.go:252.16,254.4 1 1
sato/src/cf/parse.go:256.3,256.18 1 1
sato/src/cf/parse.go:256.18,258.4 1 1
sato/src/cf/parse.go:258.9,260.4 1 1
sato/src/cf/parse.go:263.2,266.19 3 1
sato/src/cf/parse.go:270.63,271.18 1 1
sato/src/cf/parse.go:271.18,273.17 2 1
sato/src/cf/parse.go:273.17,275.4 1 0
sato/src/cf/parse.go:277.3,278.17 2 1
sato/src/cf/parse.go:278.17,280.4 1 0
sato/src/cf/parse.go:282.3,285.17 3 1
sato/src/cf/parse.go:285.17,287.4 1 0
sato/src/cf/parse.go:289.3,292.17 3 1
sato/src/cf/parse.go:292.17,294.4 1 0
sato/src/cf/parse.go:297.2,297.12 1 1
sato/src/cf/parse.go:301.45,303.2 1 1
sato/src/cf/parse.go:306.43,310.34 3 1
sato/src/cf/parse.go:310.34,311.38 1 1
sato/src/cf/parse.go:311.38,314.4 2 1
sato/src/cf/parse.go:317.2,317.13 1 1
sato/src/cf/parse.go:321.43,326.2 2 1
