mode: set
sato/main.go:20.13,38.38 6 0
sato/main.go:38.38,40.20 2 0
sato/main.go:40.20,42.7 1 0
sato/main.go:44.6,44.16 1 0
sato/main.go:68.38,73.6 2 0
sato/main.go:78.38,80.20 2 0
sato/main.go:80.20,82.7 1 0
sato/main.go:84.6,84.16 1 0
sato/main.go:106.38,108.23 2 0
sato/main.go:108.23,111.7 1 0
sato/main.go:113.6,117.16 3 0
sato/main.go:143.2,146.41 3 0
sato/main.go:146.41,148.3 1 0
sato/tests/utils/utils.go:17.59,19.16 2 0
sato/tests/utils/utils.go:19.16,21.3 1 0
sato/tests/utils/utils.go:24.2,27.16 2 0
sato/tests/utils/utils.go:27.16,29.3 1 0
sato/tests/utils/utils.go:31.2,31.22 1 0
sato/tests/utils/utils.go:31.22,36.3 3 0
sato/tests/utils/utils.go:38.2,38.16 1 0
sato/tests/utils/utils.go:38.16,40.3 1 0
sato/tests/utils/utils.go:42.2,42.12 1 0
sato/tests/utils/utils.go:46.38,52.16 3 0
sato/tests/utils/utils.go:52.16,54.3 1 0
sato/tests/utils/utils.go:56.2,57.16 2 0
sato/tests/utils/utils.go:57.16,59.3 1 0
sato/tests/utils/utils.go:61.2,62.16 2 0
sato/tests/utils/utils.go:62.16,64.3 1 0
sato/tests/utils/utils.go:66.2,66.12 1 0
sato/src/see/lookup.go:17.47,19.2 1 0
sato/src/see/lookup.go:22.61,23.20 1 1
sato/src/see/lookup.go:23.20,27.3 1 0
sato/src/see/lookup.go:29.2,31.13 2 1
sato/src/see/lookup.go:31.13,34.3 2 1
sato/src/see/lookup.go:34.8,36.3 1 1
sato/src/see/lookup.go:38.2,38.18 1 1
sato/src/see/lookup.go:38.18,42.3 1 1
sato/src/see/lookup.go:44.2,44.21 1 1
sato/src/see/lookup.go:49.56,51.22 2 1
sato/src/see/lookup.go:51.22,53.3 1 1
sato/src/see/lookup.go:55.2,55.10 1 1
sato/src/cf/errors.go:20.52,22.2 1 1
sato/src/cf/errors.go:28.43,30.2 1 1
sato/src/cf/errors.go:36.46,38.2 1 1
sato/src/cf/errors.go:44.46,46.2 1 1
sato/src/cf/errors.go:53.37,55.2 1 0
sato/src/cf/errors.go:59.41,61.2 1 0
sato/src/cf/helpers.go:20.45,22.2 1 1
sato/src/cf/helpers.go:29.31,30.21 1 1
sato/src/cf/helpers.go:30.21,32.3 1 1
sato/src/cf/helpers.go:33.2,36.22 3 1
sato/src/cf/helpers.go:40.54,42.2 1 1
sato/src/cf/helpers.go:45.65,47.28 2 1
sato/src/cf/helpers.go:47.28,49.3 1 1
sato/src/cf/helpers.go:51.2,51.11 1 1
sato/src/cf/helpers.go:55.36,57.2 1 1
sato/src/cf/helpers.go:60.34,63.106 1 1
sato/src/cf/helpers.go:63.106,65.3 1 0
sato/src/cf/helpers.go:67.2,67.29 1 1
sato/src/cf/helpers.go:71.31,72.17 1 1
sato/src/cf/helpers.go:72.17,74.3 1 1
sato/src/cf/helpers.go:76.2,76.14 1 1
sato/src/cf/helpers.go:80.34,82.16 2 1
sato/src/cf/helpers.go:82.16,85.3 2 0
sato/src/cf/helpers.go:87.2,87.21 1 1
sato/src/cf/helpers.go:91.41,93.21 2 1
sato/src/cf/helpers.go:93.21,95.3 1 1
sato/src/cf/helpers.go:97.2,97.13 1 1
sato/src/cf/helpers.go:101.33,106.2 3 1
sato/src/cf/helpers.go:109.33,114.2 3 1
sato/src/cf/helpers.go:117.34,119.2 1 1
sato/src/cf/helpers.go:122.31,123.16 1 1
sato/src/cf/helpers.go:123.16,125.3 1 1
sato/src/cf/helpers.go:127.2,127.13 1 1
sato/src/cf/helpers.go:131.49,132.30 1 1
sato/src/cf/helpers.go:132.30,134.3 1 1
sato/src/cf/helpers.go:136.2,136.13 1 1
sato/src/cf/helpers.go:140.37,141.40 1 1
sato/src/cf/helpers.go:141.40,143.3 1 1
sato/src/cf/helpers.go:145.2,147.31 2 1
sato/src/cf/helpers.go:147.31,149.3 1 1
sato/src/cf/helpers.go:151.2,153.18 2 1
sato/src/cf/helpers.go:157.79,158.40 1 1
sato/src/cf/helpers.go:158.40,160.3 1 1
sato/src/cf/helpers.go:162.2,164.31 2 1
sato/src/cf/helpers.go:164.31,167.3 2 1
sato/src/cf/helpers.go:169.2,169.56 1 1
sato/src/cf/helpers.go:173.53,175.2 1 1
sato/src/cf/helpers.go:178.67,181.17 2 1
sato/src/cf/helpers.go:182.58,183.20 1 0
sato/src/cf/helpers.go:184.58,185.20 1 0
sato/src/cf/helpers.go:186.15,187.20 1 0
sato/src/cf/helpers.go:188.10,189.21 1 1
sato/src/cf/helpers.go:192.2,194.58 3 1
sato/src/cf/helpers.go:194.58,197.3 2 0
sato/src/cf/helpers.go:199.2,201.16 3 1
sato/src/cf/helpers.go:201.16,204.3 2 0
sato/src/cf/helpers.go:206.2,206.31 1 1
sato/src/cf/helpers.go:206.31,207.41 1 1
sato/src/cf/helpers.go:207.41,209.4 1 0
sato/src/cf/helpers.go:212.2,215.16 3 1
sato/src/cf/helpers.go:215.16,218.3 2 0
sato/src/cf/helpers.go:220.2,220.26 1 1
sato/src/cf/helpers.go:220.26,221.36 1 1
sato/src/cf/helpers.go:221.36,223.4 1 0
sato/src/cf/helpers.go:226.2,227.16 2 1
sato/src/cf/helpers.go:227.16,230.3 2 0
sato/src/cf/helpers.go:232.2,232.45 1 1
sato/src/cf/helpers.go:232.45,235.3 2 0
sato/src/cf/helpers.go:237.2,237.42 1 1
sato/src/cf/helpers.go:237.42,240.3 2 0
sato/src/cf/helpers.go:242.2,242.15 1 1
sato/src/cf/helpers.go:246.33,254.2 6 0
sato/src/cf/helpers.go:257.32,260.25 2 0
sato/src/cf/helpers.go:260.25,261.21 1 0
sato/src/cf/helpers.go:261.21,267.4 5 0
sato/src/cf/helpers.go:270.2,270.25 1 0
sato/src/cf/helpers.go:274.33,280.26 4 1
sato/src/cf/helpers.go:280.26,282.3 1 1
sato/src/cf/helpers.go:284.2,284.25 1 1
sato/src/cf/helpers.go:288.42,292.33 3 1
sato/src/cf/helpers.go:292.33,298.3 5 1
sato/src/cf/helpers.go:300.2,302.25 2 1
sato/src/cf/helpers.go:306.36,308.16 2 0
sato/src/cf/helpers.go:308.16,310.3 1 0
sato/src/cf/helpers.go:312.2,312.18 1 0
sato/src/cf/lookup.go:17.43,19.2 1 0
sato/src/cf/lookup.go:22.111,23.61 1 1
sato/src/cf/lookup.go:23.61,25.3 1 1
sato/src/cf/lookup.go:27.2,27.40 1 1
sato/src/cf/lookup.go:27.40,36.17 5 1
sato/src/cf/lookup.go:36.17,38.4 1 0
sato/src/cf/lookup.go:40.3,48.17 3 1
sato/src/cf/lookup.go:48.17,50.4 1 0
sato/src/cf/lookup.go:53.2,53.12 1 1
sato/src/cf/lookup.go:58.35,64.29 3 1
sato/src/cf/lookup.go:64.29,66.10 2 1
sato/src/cf/lookup.go:66.10,68.4 1 0
sato/src/cf/lookup.go:69.8,72.3 1 1
sato/src/cf/lookup.go:74.2,74.18 1 1
sato/src/cf/parse.go:57.43,57.58 1 0
sato/src/cf/parse.go:73.51,74.37 1 1
sato/src/cf/parse.go:74.37,76.3 1 0
sato/src/cf/parse.go:79.2,80.16 2 1
sato/src/cf/parse.go:80.16,82.3 1 0
sato/src/cf/parse.go:84.2,85.16 2 1
sato/src/cf/parse.go:85.16,87.3 1 1
sato/src/cf/parse.go:89.2,91.16 2 1
sato/src/cf/parse.go:91.16,93.3 1 0
sato/src/cf/parse.go:95.2,96.16 2 1
sato/src/cf/parse.go:96.16,98.3 1 0
sato/src/cf/parse.go:100.2,100.12 1 1
sato/src/cf/parse.go:108.23,117.53 3 1
sato/src/cf/parse.go:117.53,128.17 8 1
sato/src/cf/parse.go:128.17,130.4 1 0
sato/src/cf/parse.go:132.3,139.48 3 1
sato/src/cf/parse.go:142.2,143.16 2 1
sato/src/cf/parse.go:143.16,145.3 1 0
sato/src/cf/parse.go:147.2,148.16 2 1
sato/src/cf/parse.go:148.16,150.3 1 0
sato/src/cf/parse.go:152.2,152.25 1 1
sato/src/cf/parse.go:164.3,165.20 1 1
sato/src/cf/parse.go:166.16,167.109 1 1
sato/src/cf/parse.go:167.109,169.4 1 1
sato/src/cf/parse.go:169.9,171.4 1 1
sato/src/cf/parse.go:172.28,173.35 1 1
sato/src/cf/parse.go:174.48,176.73 2 1
sato/src/cf/parse.go:177.30,179.63 2 1
sato/src/cf/parse.go:180.36,182.64 2 1
sato/src/cf/parse.go:183.54,185.60 2 1
sato/src/cf/parse.go:186.37,188.70 2 1
sato/src/cf/parse.go:189.80,190.31 1 1
sato/src/cf/parse.go:191.21,193.63 2 1
sato/src/cf/parse.go:194.36,195.35 1 1
sato/src/cf/parse.go:196.16,197.31 1 1
sato/src/cf/parse.go:198.10,199.45 1 0
sato/src/cf/parse.go:202.2,204.41 2 1
sato/src/cf/parse.go:208.87,210.30 1 1
sato/src/cf/parse.go:211.14,214.17 2 1
sato/src/cf/parse.go:214.17,218.4 2 1
sato/src/cf/parse.go:218.9,219.33 1 1
sato/src/cf/parse.go:219.33,221.5 1 1
sato/src/cf/parse.go:221.10,222.54 1 1
sato/src/cf/parse.go:222.54,224.6 1 1
sato/src/cf/parse.go:224.11,226.6 1 1
sato/src/cf/parse.go:229.15,231.66 2 1
sato/src/cf/parse.go:232.12,233.64 1 1
sato/src/cf/parse.go:234.19,235.28 1 1
sato/src/cf/parse.go:236.10,237.30 1 0
sato/src/cf/parse.go:240.2,240.19 1 1
sato/src/cf/parse.go:244.59,251.42 4 1
sato/src/cf/parse.go:251.42,252.16 1 1
sato/src/cf/parse.go:252.16,254.4 1 1
sato/src/cf/parse.go:256.3,256.18 1 1
sato/src/cf/parse.go:256.18,258.4 1 1
sato/src/cf/parse.go:258.9,260.4 1 1
sato/src/cf/parse.go:263.2,266.19 3 1
sato/src/cf/parse.go:270.63,271.18 1 1
sato/src/cf/parse.go:271.18,273.17 2 1
sato/src/cf/parse.go:273.17,275.4 1 0
sato/src/cf/parse.go:277.3,278.17 2 1
sato/src/cf/parse.go:278.17,280.4 1 0
sato/src/cf/parse.go:282.3,285.17 3 1
sato/src/cf/parse.go:285.17,287.4 1 0
sato/src/cf/parse.go:289.3,292.17 3 1
sato/src/cf/parse.go:292.17,294.4 1 0
sato/src/cf/parse.go:297.2,297.12 1 1
sato/src/cf/parse.go:301.45,303.2 1 1
sato/src/cf/parse.go:306.43,310.34 3 1
sato/src/cf/parse.go:310.34,311.38 1 1
sato/src/cf/parse.go:311.38,314.4 2 1
sato/src/cf/parse.go:317.2,317.13 1 1
sato/src/cf/parse.go:321.43,326.2 2 1
sato/src/cf/parse.go:330.120,334.74 2 1
sato/src/cf/parse.go:334.74,339.46 2 1
sato/src/cf/parse.go:339.46,341.4 1 1
sato/src/cf/parse.go:344.3,344.58 1 1
sato/src/cf/parse.go:344.58,347.4 2 0
sato/src/cf/parse.go:350.3,350.54 1 1
sato/src/cf/parse.go:356.39,360.77 2 1
sato/src/cf/parse.go:360.77,362.22 2 1
sato/src/cf/parse.go:362.22,364.4 1 0
sato/src/cf/parse.go:366.3,390.54 7 1
sato/src/cf/parse.go:390.54,392.4 1 1
sato/src/cf/parse.go:395.3,395.77 1 1
sato/src/satoerrors/errors.go:12.40,13.18 1 1
sato/src/satoerrors/errors.go:13.18,15.3 1 1
sato/src/satoerrors/errors.go:16.2,16.53 1 1
sato/src/satoerrors/errors.go:19.40,21.2 1 1
sato/src/satoerrors/errors.go:29.41,31.2 1 1
sato/src/satoerrors/errors.go:33.41,35.2 1 1
sato/src/satoerrors/errors.go:42.39,44.2 1 1
sato/src/satoerrors/errors.go:46.39,48.2 1 0
sato/src/satoerrors/errors.go:55.43,57.2 1 1
sato/src/satoerrors/errors.go:59.43,61.2 1 0
sato/src/satoerrors/errors.go:68.47,70.2 1 1
sato/src/satoerrors/errors.go:72.47,74.2 1 0
sato/src/arm/data.go:10.101,12.27 1 1
sato/src/arm/data.go:12.27,14.3 1 1
sato/src/arm/data.go:16.2,21.16 4 1
sato/src/arm/data.go:21.16,23.3 1 1
sato/src/arm/data.go:25.2,29.16 2 1
sato/src/arm/data.go:29.16,31.3 1 0
sato/src/arm/data.go:33.2,34.16 2 1
sato/src/arm/data.go:34.16,36.3 1 0
sato/src/arm/data.go:38.2,38.12 1 1
sato/src/arm/error.go:24.44,26.2 1 1
sato/src/arm/error.go:30.41,32.2 1 1
sato/src/arm/error.go:38.40,40.2 1 1
sato/src/arm/error.go:46.45,48.2 1 1
sato/src/arm/error.go:54.45,56.2 1 1
sato/src/arm/error.go:62.44,64.2 1 1
sato/src/arm/error.go:70.42,72.2 1 1
sato/src/arm/helpers.go:20.65,23.9 2 1
sato/src/arm/helpers.go:23.9,25.3 1 1
sato/src/arm/helpers.go:27.2,27.27 1 1
sato/src/arm/helpers.go:27.27,28.21 1 1
sato/src/arm/helpers.go:28.21,30.4 1 1
sato/src/arm/helpers.go:33.2,33.14 1 1
sato/src/arm/helpers.go:37.55,38.22 1 1
sato/src/arm/helpers.go:38.22,39.65 1 1
sato/src/arm/helpers.go:39.65,41.4 1 1
sato/src/arm/helpers.go:44.2,44.19 1 1
sato/src/arm/helpers.go:48.77,49.27 1 1
sato/src/arm/helpers.go:49.27,51.3 1 1
sato/src/arm/helpers.go:53.2,55.9 2 1
sato/src/arm/helpers.go:55.9,57.3 1 1
sato/src/arm/helpers.go:59.2,59.16 1 1
sato/src/arm/helpers.go:60.16,61.3 1 1
sato/src/arm/helpers.go:61.3,66.11 4 1
sato/src/arm/helpers.go:66.11,68.5 1 0
sato/src/arm/helpers.go:70.4,70.41 1 1
sato/src/arm/helpers.go:70.41,71.32 1 1
sato/src/arm/helpers.go:72.24,73.6 1 0
sato/src/arm/helpers.go:73.6,77.30 3 0
sato/src/arm/helpers.go:77.30,79.15 2 0
sato/src/arm/helpers.go:79.15,81.9 1 0
sato/src/arm/helpers.go:83.8,83.35 1 0
sato/src/arm/helpers.go:83.35,93.9 8 0
sato/src/arm/helpers.go:95.8,98.35 3 0
sato/src/arm/helpers.go:98.35,100.9 1 0
sato/src/arm/helpers.go:101.8,106.34 5 0
sato/src/arm/helpers.go:106.34,108.9 1 0
sato/src/arm/helpers.go:109.8,112.38 4 0
sato/src/arm/helpers.go:115.33,116.6 1 0
sato/src/arm/helpers.go:116.6,118.7 1 0
sato/src/arm/helpers.go:119.17,120.6 1 0
sato/src/arm/helpers.go:120.6,121.34 1 0
sato/src/arm/helpers.go:121.34,124.8 2 0
sato/src/arm/helpers.go:125.7,131.44 6 0
sato/src/arm/helpers.go:133.15,134.6 1 0
sato/src/arm/helpers.go:134.6,135.34 1 0
sato/src/arm/helpers.go:135.34,138.8 2 0
sato/src/arm/helpers.go:139.7,144.42 5 0
sato/src/arm/helpers.go:146.14,147.6 1 1
sato/src/arm/helpers.go:147.6,148.34 1 1
sato/src/arm/helpers.go:148.34,151.8 2 0
sato/src/arm/helpers.go:152.7,157.44 5 1
sato/src/arm/helpers.go:159.13,160.6 1 0
sato/src/arm/helpers.go:160.6,162.7 1 0
sato/src/arm/helpers.go:166.4,167.66 2 1
sato/src/arm/helpers.go:169.22,170.3 1 1
sato/src/arm/helpers.go:170.3,172.4 1 1
sato/src/arm/helpers.go:173.32,174.3 1 0
sato/src/arm/helpers.go:174.3,176.4 1 0
sato/src/arm/helpers.go:177.34,178.3 1 1
sato/src/arm/helpers.go:178.3,180.4 1 1
sato/src/arm/helpers.go:181.42,182.3 1 1
sato/src/arm/helpers.go:182.4,184.4 0 1
sato/src/arm/helpers.go:185.10,186.3 1 1
sato/src/arm/helpers.go:186.3,188.4 1 1
sato/src/arm/helpers.go:191.2,191.20 1 1
sato/src/arm/helpers.go:195.43,196.17 1 1
sato/src/arm/helpers.go:196.17,198.3 1 1
sato/src/arm/helpers.go:200.2,200.11 1 1
sato/src/arm/helpers.go:204.55,207.41 2 1
sato/src/arm/helpers.go:207.41,208.35 1 1
sato/src/arm/helpers.go:208.35,210.4 1 1
sato/src/arm/helpers.go:210.9,212.4 1 1
sato/src/arm/helpers.go:215.2,215.23 1 1
sato/src/arm/helpers.go:219.35,221.9 2 1
sato/src/arm/helpers.go:221.9,223.3 1 0
sato/src/arm/helpers.go:225.2,226.22 2 1
sato/src/arm/helpers.go:226.22,228.3 1 1
sato/src/arm/helpers.go:230.2,234.25 3 1
sato/src/arm/helpers.go:234.25,235.40 1 1
sato/src/arm/helpers.go:235.40,237.4 1 1
sato/src/arm/helpers.go:237.9,239.4 1 1
sato/src/arm/helpers.go:242.2,244.15 2 1
sato/src/arm/helpers.go:248.39,250.2 1 1
sato/src/arm/helpers.go:253.34,255.2 1 1
sato/src/arm/helpers.go:258.49,262.22 3 1
sato/src/arm/helpers.go:262.22,264.3 1 1
sato/src/arm/helpers.go:266.2,266.21 1 1
sato/src/arm/helpers.go:270.51,273.24 2 1
sato/src/arm/helpers.go:273.24,275.3 1 1
sato/src/arm/helpers.go:277.2,289.25 8 1
sato/src/arm/helpers.go:289.25,291.15 2 1
sato/src/arm/helpers.go:292.21,293.4 1 1
sato/src/arm/helpers.go:293.4,294.15 1 1
sato/src/arm/helpers.go:294.15,296.6 1 1
sato/src/arm/helpers.go:298.5,298.22 1 1
sato/src/arm/helpers.go:300.22,301.4 1 1
sato/src/arm/helpers.go:301.4,302.15 1 1
sato/src/arm/helpers.go:302.15,303.20 1 1
sato/src/arm/helpers.go:303.20,305.7 1 1
sato/src/arm/helpers.go:305.12,307.7 1 1
sato/src/arm/helpers.go:309.6,309.13 1 1
sato/src/arm/helpers.go:310.11,312.6 1 1
sato/src/arm/helpers.go:314.11,315.4 1 1
sato/src/arm/helpers.go:315.4,317.5 1 1
sato/src/arm/helpers.go:321.2,323.18 2 1
sato/src/arm/helpers.go:327.29,333.30 2 1
sato/src/arm/helpers.go:333.30,335.3 1 1
sato/src/arm/helpers.go:337.2,337.14 1 1
sato/src/arm/locals.go:8.89,13.28 3 1
sato/src/arm/locals.go:13.28,15.3 1 1
sato/src/arm/locals.go:17.2,17.36 1 1
sato/src/arm/locals.go:17.36,27.39 4 1
sato/src/arm/locals.go:27.39,29.4 1 0
sato/src/arm/locals.go:29.9,31.4 1 1
sato/src/arm/locals.go:33.3,33.49 1 1
sato/src/arm/locals.go:36.2,38.28 2 1
sato/src/arm/lookup.go:9.35,56.29 5 1
sato/src/arm/lookup.go:56.29,58.10 2 1
sato/src/arm/lookup.go:58.10,60.4 1 0
sato/src/arm/lookup.go:61.8,64.3 1 1
sato/src/arm/lookup.go:66.2,66.18 1 1
sato/src/arm/outputs.go:12.104,13.30 1 1
sato/src/arm/outputs.go:13.30,15.3 1 1
sato/src/arm/outputs.go:17.2,19.9 2 1
sato/src/arm/outputs.go:19.9,21.3 1 0
sato/src/arm/outputs.go:23.2,25.35 2 1
sato/src/arm/outputs.go:25.35,34.10 6 1
sato/src/arm/outputs.go:34.10,36.4 1 0
sato/src/arm/outputs.go:38.3,44.17 5 1
sato/src/arm/outputs.go:44.17,46.4 1 0
sato/src/arm/outputs.go:48.3,53.17 2 1
sato/src/arm/outputs.go:53.17,55.4 1 0
sato/src/arm/outputs.go:57.3,57.25 1 1
sato/src/arm/outputs.go:60.2,61.16 2 1
sato/src/arm/outputs.go:61.16,63.3 1 0
sato/src/arm/outputs.go:65.2,65.12 1 1
sato/src/arm/parameters.go:15.36,17.2 1 1
sato/src/arm/parameters.go:22.34,24.9 2 1
sato/src/arm/parameters.go:24.9,26.3 1 1
sato/src/arm/parameters.go:28.2,32.37 3 1
sato/src/arm/parameters.go:32.37,35.10 2 1
sato/src/arm/parameters.go:35.10,37.4 1 0
sato/src/arm/parameters.go:39.3,40.17 2 1
sato/src/arm/parameters.go:40.17,42.4 1 0
sato/src/arm/parameters.go:44.3,47.17 3 1
sato/src/arm/parameters.go:47.17,49.4 1 0
sato/src/arm/parameters.go:51.3,55.17 2 1
sato/src/arm/parameters.go:55.17,57.4 1 0
sato/src/arm/parameters.go:59.3,61.44 2 1
sato/src/arm/parameters.go:64.2,64.30 1 1
sato/src/arm/parse.go:39.43,39.58 1 0
sato/src/arm/parse.go:42.40,44.17 2 1
sato/src/arm/parse.go:44.17,46.4 1 0
sato/src/arm/parse.go:48.3,48.19 1 1
sato/src/arm/parse.go:68.40,70.2 1 0
sato/src/arm/parse.go:77.40,79.2 1 0
sato/src/arm/parse.go:85.41,87.2 1 0
sato/src/arm/parse.go:93.46,95.2 1 0
sato/src/arm/parse.go:101.46,103.2 1 0
sato/src/arm/parse.go:109.41,111.2 1 0
sato/src/arm/parse.go:114.51,116.16 2 1
sato/src/arm/parse.go:116.16,118.3 1 0
sato/src/arm/parse.go:120.2,121.16 2 1
sato/src/arm/parse.go:121.16,123.3 1 1
sato/src/arm/parse.go:126.2,126.15 1 1
sato/src/arm/parse.go:126.15,127.52 1 1
sato/src/arm/parse.go:127.52,129.4 1 0
sato/src/arm/parse.go:132.2,133.16 2 1
sato/src/arm/parse.go:133.16,135.3 1 0
sato/src/arm/parse.go:137.2,140.16 3 1
sato/src/arm/parse.go:140.16,142.3 1 0
sato/src/arm/parse.go:144.2,147.16 3 1
sato/src/arm/parse.go:147.16,149.3 1 0
sato/src/arm/parse.go:151.2,152.16 2 1
sato/src/arm/parse.go:152.16,154.3 1 0
sato/src/arm/parse.go:156.2,157.16 2 1
sato/src/arm/parse.go:157.16,159.3 1 0
sato/src/arm/parse.go:161.2,162.16 2 1
sato/src/arm/parse.go:162.16,164.3 1 0
sato/src/arm/parse.go:166.2,166.12 1 1
sato/src/arm/parse.go:170.95,173.37 2 1
sato/src/arm/parse.go:173.37,175.9 2 1
sato/src/arm/parse.go:175.9,177.18 2 1
sato/src/arm/parse.go:177.18,179.5 1 0
sato/src/arm/parse.go:181.4,181.51 1 1
sato/src/arm/parse.go:182.9,184.4 1 0
sato/src/arm/parse.go:187.2,187.26 1 1
sato/src/arm/parse.go:191.113,192.42 1 1
sato/src/arm/parse.go:192.42,193.38 1 1
sato/src/arm/parse.go:194.15,197.27 3 1
sato/src/arm/parse.go:198.31,202.18 3 1
sato/src/arm/parse.go:202.18,204.5 1 0
sato/src/arm/parse.go:205.22,207.41 2 1
sato/src/arm/parse.go:207.41,208.40 1 1
sato/src/arm/parse.go:209.17,212.27 3 1
sato/src/arm/parse.go:213.33,214.52 1 1
sato/src/arm/parse.go:215.24,216.25 1 0
sato/src/arm/parse.go:220.4,220.30 1 1
sato/src/arm/parse.go:221.22,223.32 1 1
sato/src/arm/parse.go:224.11,225.24 1 0
sato/src/arm/parse.go:229.2,229.24 1 1
sato/src/arm/parse.go:233.100,240.56 2 1
sato/src/arm/parse.go:240.56,243.3 2 1
sato/src/arm/parse.go:245.2,245.26 1 1
sato/src/arm/parse.go:249.74,250.27 1 1
sato/src/arm/parse.go:250.27,252.3 1 1
sato/src/arm/parse.go:254.2,255.9 2 0
sato/src/arm/parse.go:255.9,258.3 2 0
sato/src/arm/parse.go:260.2,260.13 1 0
sato/src/arm/parse.go:264.103,267.25 2 0
sato/src/arm/parse.go:267.25,269.3 1 0
sato/src/arm/parse.go:269.8,271.3 1 0
sato/src/arm/parse.go:273.2,275.72 3 0
sato/src/arm/parse.go:279.79,287.31 5 0
sato/src/arm/parse.go:287.31,288.19 1 0
sato/src/arm/parse.go:288.19,290.4 1 0
sato/src/arm/parse.go:292.3,292.43 1 0
sato/src/arm/parse.go:292.43,296.18 3 0
sato/src/arm/parse.go:296.18,298.5 1 0
sato/src/arm/parse.go:301.3,302.23 2 0
sato/src/arm/parse.go:302.23,303.68 1 0
sato/src/arm/parse.go:303.68,304.22 1 0
sato/src/arm/parse.go:304.22,307.14 2 0
sato/src/arm/parse.go:310.5,310.92 1 0
sato/src/arm/parse.go:314.3,314.72 1 0
sato/src/arm/parse.go:317.2,317.17 1 0
sato/src/arm/parse.go:317.17,319.3 1 0
sato/src/arm/parse.go:321.2,321.23 1 0
sato/src/arm/parse.go:329.66,333.15 2 1
sato/src/arm/parse.go:334.14,335.3 1 0
sato/src/arm/parse.go:335.3,337.4 1 0
sato/src/arm/parse.go:338.16,339.3 1 0
sato/src/arm/parse.go:339.3,341.4 1 0
sato/src/arm/parse.go:342.19,343.3 1 1
sato/src/arm/parse.go:343.3,345.4 1 1
sato/src/arm/parse.go:346.20,347.3 1 1
sato/src/arm/parse.go:347.3,353.18 4 1
sato/src/arm/parse.go:353.18,355.5 1 0
sato/src/arm/parse.go:357.38,358.3 1 1
sato/src/arm/parse.go:358.3,363.4 4 1
sato/src/arm/parse.go:364.32,365.3 1 0
sato/src/arm/parse.go:365.3,367.4 1 0
sato/src/arm/parse.go:368.18,369.3 1 1
sato/src/arm/parse.go:369.3,375.4 5 1
sato/src/arm/parse.go:376.18,377.3 1 0
sato/src/arm/parse.go:377.3,382.22 4 0
sato/src/arm/parse.go:382.22,385.5 2 0
sato/src/arm/parse.go:385.10,387.5 1 0
sato/src/arm/parse.go:389.20,390.3 1 1
sato/src/arm/parse.go:390.3,394.22 3 1
sato/src/arm/parse.go:394.22,396.34 2 1
sato/src/arm/parse.go:396.34,398.6 1 1
sato/src/arm/parse.go:398.11,400.6 1 1
sato/src/arm/parse.go:402.5,402.81 1 1
sato/src/arm/parse.go:403.10,405.5 1 0
sato/src/arm/parse.go:407.19,408.3 1 1
sato/src/arm/parse.go:408.3,412.22 3 1
sato/src/arm/parse.go:412.22,414.34 2 1
sato/src/arm/parse.go:414.34,416.6 1 0
sato/src/arm/parse.go:416.11,418.6 1 1
sato/src/arm/parse.go:420.5,420.67 1 1
sato/src/arm/parse.go:421.10,423.5 1 0
sato/src/arm/parse.go:425.28,426.3 1 1
sato/src/arm/parse.go:426.3,429.4 2 1
sato/src/arm/parse.go:430.34,431.3 1 1
sato/src/arm/parse.go:431.3,437.4 4 1
sato/src/arm/parse.go:438.14,439.3 1 0
sato/src/arm/parse.go:439.3,441.4 1 0
sato/src/arm/parse.go:442.33,443.3 1 0
sato/src/arm/parse.go:443.3,449.4 4 0
sato/src/arm/parse.go:450.28,451.3 1 1
sato/src/arm/parse.go:451.3,457.4 1 1
sato/src/arm/parse.go:458.19,459.3 1 1
sato/src/arm/parse.go:459.3,462.4 2 1
sato/src/arm/parse.go:465.2,465.57 1 1
sato/src/arm/parse.go:465.57,467.32 1 1
sato/src/arm/parse.go:467.32,469.4 1 1
sato/src/arm/parse.go:469.9,471.4 1 0
sato/src/arm/parse.go:474.2,474.26 1 1
sato/src/arm/parse.go:478.85,490.25 8 1
sato/src/arm/parse.go:490.25,492.3 1 0
sato/src/arm/parse.go:494.2,494.25 1 1
sato/src/arm/parse.go:494.25,497.3 2 0
sato/src/arm/parse.go:499.2,500.16 2 1
sato/src/arm/parse.go:500.16,502.3 1 0
sato/src/arm/parse.go:504.2,505.16 2 1
sato/src/arm/parse.go:505.16,507.3 1 1
sato/src/arm/parse.go:509.2,510.35 2 1
sato/src/arm/parse.go:510.35,512.17 2 1
sato/src/arm/parse.go:512.17,514.4 1 0
sato/src/arm/parse.go:515.8,516.33 1 1
sato/src/arm/parse.go:516.33,518.36 2 0
sato/src/arm/parse.go:518.36,519.44 1 0
sato/src/arm/parse.go:519.44,521.6 1 0
sato/src/arm/parse.go:525.3,527.17 2 1
sato/src/arm/parse.go:527.17,529.4 1 0
sato/src/arm/parse.go:531.3,531.31 1 1
sato/src/arm/parse.go:532.49,533.4 1 0
sato/src/arm/parse.go:533.4,538.19 4 0
sato/src/arm/parse.go:538.19,540.6 1 0
sato/src/arm/parse.go:542.52,543.4 1 1
sato/src/arm/parse.go:543.4,548.43 4 1
sato/src/arm/parse.go:548.43,550.6 1 1
sato/src/arm/parse.go:552.5,552.66 1 1
sato/src/arm/parse.go:554.50,555.4 1 0
sato/src/arm/parse.go:555.4,556.39 1 0
sato/src/arm/parse.go:556.39,558.6 1 0
sato/src/arm/parse.go:560.66,561.4 1 0
sato/src/arm/parse.go:561.4,565.19 2 0
sato/src/arm/parse.go:565.19,567.6 1 0
sato/src/arm/parse.go:569.5,569.74 1 0
sato/src/arm/parse.go:571.62,572.4 1 0
sato/src/arm/parse.go:572.4,575.19 2 0
sato/src/arm/parse.go:575.19,577.6 1 0
sato/src/arm/parse.go:579.5,579.65 1 0
sato/src/arm/parse.go:581.73,582.4 1 0
sato/src/arm/parse.go:582.4,585.19 2 0
sato/src/arm/parse.go:585.19,587.6 1 0
sato/src/arm/parse.go:589.5,589.77 1 0
sato/src/arm/parse.go:591.62,592.4 1 0
sato/src/arm/parse.go:592.4,595.19 2 0
sato/src/arm/parse.go:595.19,597.6 1 0
sato/src/arm/parse.go:599.5,599.62 1 0
sato/src/arm/parse.go:601.68,602.4 1 0
sato/src/arm/parse.go:602.4,605.19 2 0
sato/src/arm/parse.go:605.19,607.6 1 0
sato/src/arm/parse.go:609.5,609.77 1 0
sato/src/arm/parse.go:611.78,612.4 1 0
sato/src/arm/parse.go:612.4,615.19 2 0
sato/src/arm/parse.go:615.19,617.6 1 0
sato/src/arm/parse.go:619.5,619.70 1 0
sato/src/arm/parse.go:621.75,622.4 1 0
sato/src/arm/parse.go:622.4,625.19 2 0
sato/src/arm/parse.go:625.19,627.6 1 0
sato/src/arm/parse.go:629.5,629.76 1 0
sato/src/arm/parse.go:631.64,632.4 1 0
sato/src/arm/parse.go:632.4,635.19 2 0
sato/src/arm/parse.go:635.19,637.6 1 0
sato/src/arm/parse.go:639.5,639.65 1 0
sato/src/arm/parse.go:641.11,642.4 1 1
sato/src/arm/parse.go:642.4,643.40 1 1
sato/src/arm/parse.go:643.40,645.20 2 0
sato/src/arm/parse.go:645.20,647.7 1 0
sato/src/arm/parse.go:650.5,652.19 2 1
sato/src/arm/parse.go:652.19,656.6 2 0
sato/src/arm/parse.go:661.2,661.25 1 1
sato/src/arm/parse.go:661.25,664.3 2 1
sato/src/arm/parse.go:666.2,666.16 1 0
sato/src/arm/parse.go:669.82,673.23 3 0
sato/src/arm/parse.go:673.23,679.17 4 0
sato/src/arm/parse.go:679.17,681.4 1 0
sato/src/arm/parse.go:681.9,683.4 1 0
sato/src/arm/parse.go:686.2,686.24 1 0
sato/src/arm/parse.go:686.24,689.17 2 0
sato/src/arm/parse.go:689.17,691.4 1 0
sato/src/arm/parse.go:691.9,693.4 1 0
sato/src/arm/parse.go:696.2,696.39 1 0
sato/src/arm/parse.go:699.33,703.2 2 0
sato/src/arm/parse.go:706.66,716.22 4 1
sato/src/arm/parse.go:717.9,718.3 1 0
sato/src/arm/parse.go:718.3,720.4 1 0
sato/src/arm/parse.go:721.9,722.3 1 1
sato/src/arm/parse.go:722.3,726.30 3 1
sato/src/arm/parse.go:726.30,730.36 3 1
sato/src/arm/parse.go:730.36,732.6 1 1
sato/src/arm/parse.go:733.10,737.24 3 0
sato/src/arm/parse.go:737.24,739.6 1 0
sato/src/arm/parse.go:739.11,741.6 1 0
sato/src/arm/parse.go:744.10,745.3 1 0
sato/src/arm/parse.go:745.4,747.4 0 0
sato/src/arm/parse.go:750.2,750.23 1 1
sato/src/arm/parse.go:754.83,755.39 1 1
sato/src/arm/parse.go:755.39,757.3 1 1
sato/src/arm/parse.go:759.2,763.32 3 1
sato/src/arm/parse.go:763.32,765.3 1 1
sato/src/arm/parse.go:767.2,769.9 2 1
sato/src/arm/parse.go:769.9,771.3 1 0
sato/src/arm/parse.go:773.2,773.39 1 1
sato/src/arm/parse.go:773.39,775.10 2 1
sato/src/arm/parse.go:775.10,778.12 2 1
sato/src/arm/parse.go:781.3,783.19 2 1
sato/src/arm/parse.go:783.19,785.4 1 1
sato/src/arm/parse.go:787.3,790.27 3 1
sato/src/arm/parse.go:790.27,792.4 1 1
sato/src/arm/parse.go:794.3,794.38 1 1
sato/src/arm/parse.go:794.38,796.44 2 0
sato/src/arm/parse.go:796.44,800.5 2 0
sato/src/arm/parse.go:803.3,806.22 3 1
sato/src/arm/parse.go:806.22,807.58 1 1
sato/src/arm/parse.go:807.58,809.5 1 0
sato/src/arm/parse.go:814.2,814.33 1 1
sato/src/arm/parse.go:814.33,819.28 3 0
sato/src/arm/parse.go:819.28,821.80 2 0
sato/src/arm/parse.go:821.80,824.19 2 0
sato/src/arm/parse.go:824.19,826.6 1 0
sato/src/arm/parse.go:829.4,829.35 1 0
sato/src/arm/parse.go:832.3,832.41 1 0
sato/src/arm/parse.go:835.2,836.16 2 1
sato/src/arm/parse.go:836.16,838.3 1 0
sato/src/arm/parse.go:840.2,840.18 1 1
sato/src/arm/parse.go:844.79,845.33 1 1
sato/src/arm/parse.go:845.33,847.25 2 1
sato/src/arm/parse.go:847.25,849.4 1 1
sato/src/arm/parse.go:851.3,853.33 2 1
sato/src/arm/parse.go:853.33,856.45 2 1
sato/src/arm/parse.go:856.45,857.30 1 1
sato/src/arm/parse.go:857.30,859.6 1 1
sato/src/arm/parse.go:864.2,864.18 1 1
sato/src/arm/parse.go:868.72,869.32 1 1
sato/src/arm/parse.go:869.32,871.3 1 1
sato/src/arm/parse.go:873.2,874.8 2 1
sato/src/arm/parse.go:874.8,875.40 1 1
sato/src/arm/parse.go:875.40,877.10 2 1
sato/src/arm/parse.go:877.10,878.38 1 1
sato/src/arm/parse.go:878.38,880.6 1 1
sato/src/arm/parse.go:886.2,886.14 1 1
sato/src/arm/parse.go:890.118,893.9 2 1
sato/src/arm/parse.go:893.9,897.3 3 1
sato/src/arm/parse.go:899.2,900.33 2 1
sato/src/arm/parse.go:901.32,903.42 2 1
sato/src/arm/parse.go:903.42,906.4 2 1
sato/src/arm/parse.go:908.3,909.29 2 1
sato/src/arm/parse.go:910.13,913.29 3 0
sato/src/arm/parse.go:914.32,918.29 2 0
sato/src/arm/parse.go:919.15,922.29 3 0
sato/src/arm/parse.go:923.32,924.41 1 0
sato/src/arm/parse.go:925.14,927.29 2 0
sato/src/arm/parse.go:928.10,929.47 1 0
sato/src/arm/parse.go:934.72,941.9 4 1
sato/src/arm/parse.go:941.9,946.43 3 0
sato/src/arm/parse.go:946.43,947.35 1 0
sato/src/arm/parse.go:948.16,949.38 1 0
sato/src/arm/parse.go:949.38,951.6 1 0
sato/src/arm/parse.go:951.11,953.6 1 0
sato/src/arm/parse.go:954.12,956.47 2 0
sato/src/arm/parse.go:956.47,958.6 1 0
sato/src/arm/parse.go:958.11,960.6 1 0
sato/src/arm/parse.go:964.3,964.38 1 0
sato/src/arm/parse.go:967.2,972.43 4 1
sato/src/arm/parse.go:972.43,975.3 2 1
sato/src/arm/parse.go:977.2,982.16 4 1
sato/src/arm/parse.go:986.87,1002.60 8 1
sato/src/arm/parse.go:1002.60,1004.3 1 1
sato/src/arm/parse.go:1007.2,1009.31 3 0
sato/src/arm/parse.go:1009.31,1011.3 1 0
sato/src/arm/parse.go:1013.2,1013.17 1 0
sato/src/arm/parse.go:1017.69,1023.38 4 1
sato/src/arm/parse.go:1023.38,1031.23 5 1
sato/src/arm/parse.go:1031.23,1035.54 2 1
sato/src/arm/parse.go:1035.54,1038.5 2 0
sato/src/arm/parse.go:1038.10,1041.5 2 1
sato/src/arm/parse.go:1042.9,1045.4 1 0
sato/src/arm/parse.go:1047.3,1049.42 3 1
sato/src/arm/parse.go:1052.2,1052.19 1 1
sato/src/arm/resources.go:16.113,19.9 2 1
sato/src/arm/resources.go:19.9,21.3 1 1
sato/src/arm/resources.go:23.2,24.16 2 1
sato/src/arm/resources.go:24.16,26.3 1 0
sato/src/arm/resources.go:28.2,30.40 2 1
sato/src/arm/resources.go:30.40,37.10 4 1
sato/src/arm/resources.go:37.10,39.4 1 0
sato/src/arm/resources.go:41.3,44.17 3 1
sato/src/arm/resources.go:44.17,47.12 2 0
sato/src/arm/resources.go:50.3,52.10 2 1
sato/src/arm/resources.go:52.10,54.4 1 0
sato/src/arm/resources.go:56.3,60.17 3 1
sato/src/arm/resources.go:60.17,63.12 2 0
sato/src/arm/resources.go:66.3,72.17 3 1
sato/src/arm/resources.go:72.17,74.4 1 0
sato/src/arm/resources.go:77.2,77.20 1 1
sato/src/arm/variables.go:19.54,21.32 1 1
sato/src/arm/variables.go:21.32,23.3 1 1
sato/src/arm/variables.go:25.2,27.9 2 1
sato/src/arm/variables.go:27.9,29.3 1 0
sato/src/arm/variables.go:31.2,34.16 3 1
sato/src/arm/variables.go:34.16,36.3 1 1
sato/src/arm/variables.go:38.2,41.16 3 1
sato/src/arm/variables.go:41.16,43.3 1 1
sato/src/arm/variables.go:45.2,45.18 1 1
sato/src/arm/variables.go:45.18,49.17 3 1
sato/src/arm/variables.go:49.17,51.4 1 0
sato/src/arm/variables.go:54.2,54.37 1 1
sato/src/arm/variables.go:54.37,57.19 2 1
sato/src/arm/variables.go:57.19,60.52 2 1
sato/src/arm/variables.go:60.52,62.12 2 1
sato/src/arm/variables.go:62.12,65.14 2 0
sato/src/arm/variables.go:68.5,69.35 1 1
sato/src/arm/variables.go:69.35,75.14 4 1
sato/src/arm/variables.go:78.5,78.30 1 1
sato/src/arm/variables.go:81.4,81.67 1 1
sato/src/arm/variables.go:81.67,83.19 2 1
sato/src/arm/variables.go:83.19,85.6 1 0
sato/src/arm/variables.go:87.5,87.37 1 1
sato/src/arm/variables.go:90.4,91.31 2 1
sato/src/arm/variables.go:94.3,95.17 2 1
sato/src/arm/variables.go:95.17,97.4 1 0
sato/src/arm/variables.go:99.3,102.17 3 1
sato/src/arm/variables.go:102.17,104.4 1 0
sato/src/arm/variables.go:106.3,113.44 3 1
sato/src/arm/variables.go:116.2,118.16 2 1
sato/src/arm/variables.go:118.16,120.3 1 0
sato/src/arm/variables.go:122.2,122.20 1 1
